// Jest Snapshot v1, https://goo.gl/fbAQLP

exports[`<HomePage /> should render and match the snapshot 1`] = `
<article>
  <div>
    <section
      class="sc-gqjmRU sc-VigVT bCueft"
    >
      <h2
        class="sc-bdVaJa dAIgSr"
      >
        <span>
          A basic outline for the Sophia Frontend
        </span>
      </h2>
      <p>
        <span>
          Offline first, translatable, scalable, testable.
        </span>
      </p>
    </section>
    <section
      class="sc-gqjmRU fgHQxZ"
    >
      <h2
        class="sc-bdVaJa dAIgSr"
      >
        <span>
          Try me!
        </span>
      </h2>
      <form
        class="sc-jTzLTM fzeZHJ"
      >
        <label
          for="username"
        >
          <span>
            Show Github repositories by
          </span>
          <span
            class="sc-gZMcBi gIzYNa"
          >
            <span>
              @
            </span>
          </span>
          <input
            class="sc-fjdhpX bmAVzu"
            id="username"
            placeholder="austinrivas"
            type="text"
            value=""
          />
        </label>
      </form>
      <div
        class="sc-htpNat bnclQV"
      >
        <ul
          class="sc-bwzfXH bypwNT"
        />
      </div>
    </section>
  </div>
</article>
`;
